#-----------------------------------------------------------
# Vivado v2024.2 (64-bit)
# SW Build 5239630 on Fri Nov 08 22:35:27 MST 2024
# IP Build 5239520 on Sun Nov 10 16:12:51 MST 2024
# SharedData Build 5239561 on Fri Nov 08 14:39:27 MST 2024
# Start of session at: Tue Mar  4 17:18:17 2025
# Process ID         : 2272
# Current directory  : C:/Users/dreia/GitHubRepos/ECE-366-Projects/project_1/project_1/project_1.runs/impl_1
# Command line       : vivado.exe -log four_bit_RCS.vdi -applog -product Vivado -messageDb vivado.pb -mode batch -source four_bit_RCS.tcl -notrace
# Log file           : C:/Users/dreia/GitHubRepos/ECE-366-Projects/project_1/project_1/project_1.runs/impl_1/four_bit_RCS.vdi
# Journal file       : C:/Users/dreia/GitHubRepos/ECE-366-Projects/project_1/project_1/project_1.runs/impl_1\vivado.jou
# Running On         : slimetop
# Platform           : Windows Server 2016 or Windows 10
# Operating System   : 26100
# Processor Detail   : 13th Gen Intel(R) Core(TM) i7-13620H
# CPU Frequency      : 2918 MHz
# CPU Physical cores : 10
# CPU Logical cores  : 16
# Host memory        : 16869 MB
# Swap memory        : 6174 MB
# Total Virtual      : 23043 MB
# Available Virtual  : 10628 MB
#-----------------------------------------------------------
source four_bit_RCS.tcl -notrace
